
Yashar@Yashar-PC MINGW64 ~
$ cd Desktop/

Yashar@Yashar-PC MINGW64 ~/Desktop
$ cd Test/

Yashar@Yashar-PC MINGW64 ~/Desktop/Test
$ cd git-basics/

Yashar@Yashar-PC MINGW64 ~/Desktop/Test/git-basics (master)
$ ls
css/  index.html  js/  style.css

Yashar@Yashar-PC MINGW64 ~/Desktop/Test/git-basics (master)
$ lst
bash: lst: command not found

Yashar@Yashar-PC MINGW64 ~/Desktop/Test/git-basics (master)
$ list
bash: list: command not found

Yashar@Yashar-PC MINGW64 ~/Desktop/Test/git-basics (master)
$ ls
css/  index.html  js/  style.css

Yashar@Yashar-PC MINGW64 ~/Desktop/Test/git-basics (master)
$ git status
On branch master

No commits yet

Untracked files:
  (use "git add <file>..." to include in what will be committed)

        css/
        index.html
        js/
        style.css

nothing added to commit but untracked files present (use "git add" to track)

Yashar@Yashar-PC MINGW64 ~/Desktop/Test/git-basics (master)
$ git add .

Yashar@Yashar-PC MINGW64 ~/Desktop/Test/git-basics (master)
$ git status
On branch master

No commits yet

Changes to be committed:
  (use "git rm --cached <file>..." to unstage)

        new file:   css/style.css
        new file:   index.html
        new file:   js/script.js
        new file:   style.css


Yashar@Yashar-PC MINGW64 ~/Desktop/Test/git-basics (master)
$ git rm --cached .
fatal: not removing '.' recursively without -r

Yashar@Yashar-PC MINGW64 ~/Desktop/Test/git-basics (master)
$ git status
On branch master

No commits yet

Changes to be committed:
  (use "git rm --cached <file>..." to unstage)

        new file:   css/style.css
        new file:   index.html
        new file:   js/script.js
        new file:   style.css


Yashar@Yashar-PC MINGW64 ~/Desktop/Test/git-basics (master)
$ git rm --cached style.css
rm 'style.css'

Yashar@Yashar-PC MINGW64 ~/Desktop/Test/git-basics (master)
$ git status
On branch master

No commits yet

Changes to be committed:
  (use "git rm --cached <file>..." to unstage)

        new file:   css/style.css
        new file:   index.html
        new file:   js/script.js

Untracked files:
  (use "git add <file>..." to include in what will be committed)

        style.css


Yashar@Yashar-PC MINGW64 ~/Desktop/Test/git-basics (master)
$ git add style.css

Yashar@Yashar-PC MINGW64 ~/Desktop/Test/git-basics (master)
$ git status
On branch master

No commits yet

Changes to be committed:
  (use "git rm --cached <file>..." to unstage)

        new file:   css/style.css
        new file:   index.html
        new file:   js/script.js
        new file:   style.css


Yashar@Yashar-PC MINGW64 ~/Desktop/Test/git-basics (master)
$ git commit -m 'Successfuly'
[master (root-commit) 69a8fde] Successfuly
 4 files changed, 29 insertions(+)
 create mode 100644 css/style.css
 create mode 100644 index.html
 create mode 100644 js/script.js
 create mode 100644 style.css

Yashar@Yashar-PC MINGW64 ~/Desktop/Test/git-basics (master)
$ git status
On branch master
Changes not staged for commit:
  (use "git add <file>..." to update what will be committed)
  (use "git checkout -- <file>..." to discard changes in working directory)

        modified:   index.html

no changes added to commit (use "git add" and/or "git commit -a")

Yashar@Yashar-PC MINGW64 ~/Desktop/Test/git-basics (master)
$ git diff
diff --git a/index.html b/index.html
index 1ee39f4..260f9e4 100644
--- a/index.html
+++ b/index.html
@@ -9,6 +9,6 @@
        <script src="js/script.js"></script>
 </head>
 <body>
-    <div id="box"></div>
+    <span id="box"></span>
 </body>
 </html>
\ No newline at end of file

Yashar@Yashar-PC MINGW64 ~/Desktop/Test/git-basics (master)
$ git add index.html

Yashar@Yashar-PC MINGW64 ~/Desktop/Test/git-basics (master)
$ git status
On branch master
Changes to be committed:
  (use "git reset HEAD <file>..." to unstage)

        modified:   index.html


Yashar@Yashar-PC MINGW64 ~/Desktop/Test/git-basics (master)
$ git diff
diff --git a/index.html b/index.html
index 260f9e4..7d94dc1 100644
--- a/index.html
+++ b/index.html
@@ -9,6 +9,6 @@
        <script src="js/script.js"></script>
 </head>
 <body>
-    <span id="box"></span>
+    <span id="box2"></span>
 </body>
 </html>
\ No newline at end of file

Yashar@Yashar-PC MINGW64 ~/Desktop/Test/git-basics (master)
$ git status
On branch master
Changes to be committed:
  (use "git reset HEAD <file>..." to unstage)

        modified:   index.html

Changes not staged for commit:
  (use "git add <file>..." to update what will be committed)
  (use "git checkout -- <file>..." to discard changes in working directory)

        modified:   index.html


Yashar@Yashar-PC MINGW64 ~/Desktop/Test/git-basics (master)
$ git add .

Yashar@Yashar-PC MINGW64 ~/Desktop/Test/git-basics (master)
$ git status
On branch master
Changes to be committed:
  (use "git reset HEAD <file>..." to unstage)

        modified:   index.html


Yashar@Yashar-PC MINGW64 ~/Desktop/Test/git-basics (master)
$ dit commit -m 'added file to stage'
bash: dit: command not found

Yashar@Yashar-PC MINGW64 ~/Desktop/Test/git-basics (master)
$ git commit -m 'added file to stage'
[master 04b001d] added file to stage
 1 file changed, 1 insertion(+), 1 deletion(-)

Yashar@Yashar-PC MINGW64 ~/Desktop/Test/git-basics (master)
$ git status
On branch master
nothing to commit, working tree clean

Yashar@Yashar-PC MINGW64 ~/Desktop/Test/git-basics (master)
$ git branch font

Yashar@Yashar-PC MINGW64 ~/Desktop/Test/git-basics (master)
$ git branch
  font
* master

Yashar@Yashar-PC MINGW64 ~/Desktop/Test/git-basics (master)
$ git checkout -b picture
Switched to a new branch 'picture'

Yashar@Yashar-PC MINGW64 ~/Desktop/Test/git-basics (picture)
$ git branch
  font
  master
* picture

Yashar@Yashar-PC MINGW64 ~/Desktop/Test/git-basics (picture)
$ git checkout master
Switched to branch 'master'

Yashar@Yashar-PC MINGW64 ~/Desktop/Test/git-basics (master)
$ git branch
  font
* master
  picture

Yashar@Yashar-PC MINGW64 ~/Desktop/Test/git-basics (master)
$ git status
On branch master
Changes not staged for commit:
  (use "git add/rm <file>..." to update what will be committed)
  (use "git checkout -- <file>..." to discard changes in working directory)

        deleted:    css/style.css
        modified:   index.html
        deleted:    style.css

Untracked files:
  (use "git add <file>..." to include in what will be committed)

